// Jest Snapshot v1, https://goo.gl/fbAQLP

exports[`Main renders correctly when there are no items 1`] = `
<div>
  <header>
    <div>
      NavBar
    </div>
  </header>
  <div
    className="mt-16 pt-2"
  />
  <div>
    Footer
  </div>
</div>
`;
